// Vitest Snapshot v1, https://vitest.dev/guide/snapshot.html

exports[`command tree > matches the registered command surface (snapshot) 1`] = `
[
  "alert-rules",
  "alert-rules create",
  "alert-rules delete",
  "alert-rules list",
  "alert-rules update",
  "alerts",
  "alerts get",
  "alerts list",
  "bind",
  "codemod",
  "codemod i18n",
  "configs",
  "configs create",
  "configs delete",
  "configs draft",
  "configs get",
  "configs list",
  "configs publish",
  "configs update",
  "connectors",
  "connectors create-trigger",
  "connectors fire",
  "connectors list",
  "experiments",
  "experiments archive",
  "experiments create",
  "experiments delete",
  "experiments list",
  "experiments reanalyze",
  "experiments start",
  "experiments status",
  "experiments stop",
  "experiments update",
  "feedback",
  "feedback bugs",
  "feedback bugs attachments",
  "feedback bugs create",
  "feedback bugs delete",
  "feedback bugs get",
  "feedback bugs link-pr",
  "feedback bugs list",
  "feedback bugs update",
  "feedback features",
  "feedback features attachments",
  "feedback features create",
  "feedback features delete",
  "feedback features get",
  "feedback features link-pr",
  "feedback features list",
  "feedback features update",
  "flags",
  "flags create",
  "flags delete",
  "flags disable",
  "flags enable",
  "flags list",
  "flags rollout",
  "i18n",
  "i18n install-loader",
  "i18n profiles",
  "i18n profiles create",
  "i18n profiles list",
  "i18n publish",
  "i18n push",
  "i18n scan",
  "i18n update",
  "i18n validate",
  "keys",
  "keys create",
  "keys list",
  "keys revoke",
  "killswitch",
  "killswitch create",
  "killswitch delete",
  "killswitch list",
  "killswitch set",
  "killswitch unset",
  "killswitch update",
  "login",
  "logout",
  "mcp",
  "mcp install",
  "mcp start",
  "mcp status",
  "mcp uninstall",
  "metrics",
  "metrics create",
  "metrics delete",
  "metrics grammar",
  "metrics list",
  "metrics show",
  "modules",
  "modules disable",
  "modules enable",
  "modules list",
  "ops",
  "ops.bugs",
  "ops.bugs attachments",
  "ops.bugs create",
  "ops.bugs delete",
  "ops.bugs get",
  "ops.bugs link-pr",
  "ops.bugs list",
  "ops.bugs update",
  "ops.errors",
  "ops.errors get",
  "ops.errors list",
  "ops.errors update",
  "ops.features",
  "ops.features attachments",
  "ops.features create",
  "ops.features delete",
  "ops.features get",
  "ops.features link-pr",
  "ops.features list",
  "ops.features update",
  "ops.get",
  "ops.link-pr",
  "ops.list",
  "ops.notify",
  "ops.update",
  "projects",
  "projects upsert",
  "scan",
  "setup",
  "universes",
  "universes create",
  "universes delete",
  "universes list",
  "universes update",
  "whoami",
]
`;
