// Vitest Snapshot v1, https://vitest.dev/guide/snapshot.html

exports[`command tree > matches the registered command surface (snapshot) 1`] = `
[
  "bind",
  "detect",
  "docs",
  "docs get",
  "docs list",
  "docs skill",
  "i18n",
  "i18n codemod",
  "i18n codemod i18n",
  "i18n extract",
  "i18n install-loader",
  "i18n migrate",
  "i18n profiles",
  "i18n profiles create",
  "i18n profiles list",
  "i18n publish",
  "i18n push",
  "i18n scan",
  "i18n update",
  "i18n validate",
  "install",
  "login",
  "logout",
  "mcp",
  "mcp install",
  "mcp status",
  "mcp uninstall",
  "metrics",
  "metrics archive",
  "metrics create",
  "metrics events",
  "metrics events approve",
  "metrics events archive",
  "metrics events create",
  "metrics events get",
  "metrics events list",
  "metrics events update",
  "metrics experiments",
  "metrics grammar",
  "metrics list",
  "metrics series",
  "metrics show",
  "metrics unarchive",
  "metrics update",
  "ops",
  "ops ack",
  "ops agents",
  "ops agents list",
  "ops alerts",
  "ops alerts archive",
  "ops alerts channels",
  "ops alerts create",
  "ops alerts list",
  "ops alerts update",
  "ops bug",
  "ops comments",
  "ops comments create",
  "ops comments list",
  "ops create",
  "ops feature",
  "ops fired-alerts",
  "ops fired-alerts list",
  "ops fired-alerts update",
  "ops get",
  "ops investigations",
  "ops investigations create",
  "ops investigations list",
  "ops investigations update",
  "ops link-pr",
  "ops list",
  "ops notify",
  "ops trigger",
  "ops trigger create",
  "ops trigger create claude",
  "ops trigger create copilot",
  "ops trigger create cursor",
  "ops trigger create jules",
  "ops trigger prep",
  "ops update",
  "projects",
  "projects current",
  "projects update",
  "projects upsert",
  "release",
  "release configs",
  "release configs archive",
  "release configs create",
  "release configs get",
  "release configs list",
  "release configs update",
  "release configs update-schema",
  "release experiments",
  "release experiments archive",
  "release experiments create",
  "release experiments get",
  "release experiments list",
  "release experiments readout-create",
  "release experiments readout-get",
  "release experiments reanalyze",
  "release experiments restore",
  "release experiments results",
  "release experiments set-metrics",
  "release experiments start",
  "release experiments stop",
  "release experiments timeseries",
  "release experiments universes",
  "release experiments universes archive",
  "release experiments universes create",
  "release experiments universes list",
  "release experiments universes update",
  "release experiments update",
  "release flags",
  "release flags activity",
  "release flags archive",
  "release flags attributes",
  "release flags attributes archive",
  "release flags attributes create",
  "release flags attributes get",
  "release flags attributes list",
  "release flags attributes update",
  "release flags create",
  "release flags disable",
  "release flags enable",
  "release flags get",
  "release flags list",
  "release flags templates",
  "release flags templates archive",
  "release flags templates create",
  "release flags templates get",
  "release flags templates list",
  "release flags templates update",
  "release flags update",
  "release killswitch",
  "release killswitch archive",
  "release killswitch create",
  "release killswitch get",
  "release killswitch list",
  "release killswitch set",
  "release killswitch set-value",
  "release killswitch unset",
  "release killswitch update",
  "report-issue",
  "root",
  "sdk",
  "sdk keys",
  "sdk keys create",
  "sdk keys list",
  "sdk keys revoke",
  "setup",
  "setup triggers",
  "upgrade",
  "upgrade skills",
  "whoami",
]
`;
