// Vitest Snapshot v1, https://vitest.dev/guide/snapshot.html

exports[`command tree > matches the registered command surface (snapshot) 1`] = `
[
  "bind",
  "flags",
  "flags configs",
  "flags configs create",
  "flags configs delete",
  "flags configs draft",
  "flags configs get",
  "flags configs list",
  "flags configs publish",
  "flags configs update",
  "flags experiments",
  "flags experiments archive",
  "flags experiments create",
  "flags experiments delete",
  "flags experiments list",
  "flags experiments reanalyze",
  "flags experiments start",
  "flags experiments status",
  "flags experiments stop",
  "flags experiments universes",
  "flags experiments universes create",
  "flags experiments universes delete",
  "flags experiments universes list",
  "flags experiments universes update",
  "flags experiments update",
  "flags flags",
  "flags flags create",
  "flags flags delete",
  "flags flags disable",
  "flags flags enable",
  "flags flags list",
  "flags flags rollout",
  "flags killswitch",
  "flags killswitch create",
  "flags killswitch delete",
  "flags killswitch list",
  "flags killswitch set",
  "flags killswitch unset",
  "flags killswitch update",
  "i18n",
  "i18n codemod",
  "i18n codemod i18n",
  "i18n install-loader",
  "i18n keys",
  "i18n keys create",
  "i18n keys list",
  "i18n keys revoke",
  "i18n profiles",
  "i18n profiles create",
  "i18n profiles list",
  "i18n publish",
  "i18n push",
  "i18n scan",
  "i18n update",
  "i18n validate",
  "login",
  "logout",
  "mcp",
  "mcp install",
  "mcp start",
  "mcp status",
  "mcp uninstall",
  "metrics",
  "metrics create",
  "metrics delete",
  "metrics events",
  "metrics events approve",
  "metrics events create",
  "metrics events delete",
  "metrics events get",
  "metrics events list",
  "metrics events update",
  "metrics grammar",
  "metrics list",
  "metrics show",
  "ops",
  "ops alerts",
  "ops alerts channels",
  "ops alerts create",
  "ops alerts delete",
  "ops alerts list",
  "ops alerts update",
  "ops get",
  "ops link-pr",
  "ops list",
  "ops notify",
  "ops update",
  "projects",
  "projects upsert",
  "setup",
  "whoami",
]
`;
